
> rent66@0.1.0 build
> next build --webpack

тЦ▓ Next.js 16.1.1 (webpack)
- Environments: .env.local

  Creating an optimized production build ...
node.exe : Failed to compile.
At C:\Program Files\nodejs\npm.ps1:29 char:3
+   & $NODE_EXE $NPM_CLI_JS $args
+   ~~~~~~~~~~~~~~~~~~~~~~~~~~~~~
    + CategoryInfo          : NotSpecified: (Failed to 
compil    e.:String) [], RemoteException
    + FullyQualifiedErrorId : NativeCommandError
 

./src/app/layout.tsx
Module not found: Can't resolve '@vercel/analytics/react'

https://nextjs.org/docs/messages/module-not-found


> Build failed because of webpack errors
